 FAILED! => {"changed": true, "cmd": "cd /opt/deploy/releases/20260814093448 && bundle exec rake db:migrate RAILS_ENV=production", "delta": "0:00:05.434559", "end": "2026-08-14 09:35:31.113927", "msg": "non-zero return code", "rc": 1, "start": "2026-08-14 09:35:25.679368", "stderr": "DEPRECATION WARNING: ActiveSupport::ProxyObject is deprecated and will be removed in Rails 8.0.\nUse Ruby's built-in BasicObject instead.\n (called from require at /usr/share/ruby/bundled_gems.rb:69)\nDEPRECATION WARNING: ActiveSupport::ProxyObject is deprecated and will be removed in Rails 8.0.\nUse Ruby's built-in BasicObject instead.\n (called from require at /usr/share/ruby/bundled_gems.rb:69)\n[DEPRECATION] PCDM is deprecating 'Valkyrie::Vocab::PCDMUse#PreservationMasterFile'. Use 'Valkyrie::Vocab::PCDMUse#PreservationFile' instead. This warning does *not* indicate that usage of the deprecated term has been detected.\nfatal: detected dubious ownership in repository at '/opt/deploy/releases/20260814093448'\nTo add an exception for this directory, call:\n\n\tgit config --global --add safe.directory /opt/deploy/releases/20260814093448\nfatal: detected dubious ownership in repository at '/opt/deploy/releases/20260814093448'\nTo add an exception for this directory, call:\n\n\tgit config --global --add safe.directory /opt/deploy/releases/20260814093448\nfatal: detected dubious ownership in repository at '/opt/deploy/releases/20260814093448'\nTo add an exception for this directory, call:\n\n\tgit config --global --add safe.directory /opt/deploy/releases/20260814093448\nMiniMagick.shell_api is deprecated and will be removed in MiniMagick 5. The posix-spawn gem doesn't improve performance recent Ruby versions anymore, so support for it will be removed.\nrake aborted!\nLoadError: cannot load such file -- google/cloud/errors (LoadError)\n/var/cache/hyc/ruby/3.3.0/gems/bootsnap-1.24.6/lib/bootsnap/load_path_cache/core_ext/kernel_require.rb:30:in `require'\n/var/cache/hyc/ruby/3.3.0/gems/zeitwerk-2.8.3/lib/zeitwerk/core_ext/kernel.rb:34:in `require'\n/var/cache/hyc/ruby/3.3.0/gems/hyrax-5.3.0/app/controllers/concerns/hyrax/analytics_error_handling.rb:2:in `<main>'\n/var/cache/hyc/ruby/3.3.0/gems/bootsnap-1.24.6/lib/bootsnap/load_path_cache/core_ext/kernel_require.rb:33:in `require'\n/var/cache/hyc/ruby/3.3.0/gems/zeitwerk-2.8.3/lib/zeitwerk/core_ext/kernel.rb:26:in `require'\n/var/cache/hyc/ruby/3.3.0/gems/hyrax-5.3.0/app/controllers/hyrax/admin/analytics/work_reports_controller.rb:7:in `<class:WorkReportsController>'\n/var/cache/hyc/ruby/3.3.0/gems/hyrax-5.3.0/app/controllers/hyrax/admin/analytics/work_reports_controller.rb:5:in `<module:Analytics>'\n/var/cache/hyc/ruby/3.3.0/gems/hyrax-5.3.0/app/controllers/hyrax/admin/analytics/work_reports_controller.rb:4:in `<module:Admin>'\n/var/cache/hyc/ruby/3.3.0/gems/hyrax-5.3.0/app/controllers/hyrax/admin/analytics/work_reports_controller.rb:3:in `<module:Hyrax>'\n/var/cache/hyc/ruby/3.3.0/gems/hyrax-5.3.0/app/controllers/hyrax/admin/analytics/work_reports_controller.rb:2:in `<main>'\n/var/cache/hyc/ruby/3.3.0/gems/bootsnap-1.24.6/lib/bootsnap/load_path_cache/core_ext/kernel_require.rb:33:in `require'\n/var/cache/hyc/ruby/3.3.0/gems/zeitwerk-2.8.3/lib/zeitwerk/core_ext/kernel.rb:26:in `require'\n/opt/deploy/releases/20260814093448/app/overrides/controllers/hyrax/admin/analytics/work_reports_controller_override.rb:5:in `<main>'\n/opt/deploy/releases/20260814093448/config/application.rb:55:in `load'\n/opt/deploy/releases/20260814093448/config/application.rb:55:in `block (2 levels) in <class:Application>'\n/opt/deploy/releases/20260814093448/config/application.rb:55:in `each'\n/opt/deploy/releases/20260814093448/config/application.rb:55:in `block in <class:Application>'\n/var/cache/hyc/ruby/3.3.0/gems/activesupport-7.2.3.2/lib/active_support/callbacks.rb:407:in `instance_exec'\n/var/cache/hyc/ruby/3.3.0/gems/activesupport-7.2.3.2/lib/active_support/callbacks.rb:407:in `block in make_lambda'\n/var/cache/hyc/ruby/3.3.0/gems/activesupport-7.2.3.2/lib/active_support/callbacks.rb:179:in `block in call'\n/var/cache/hyc/ruby/3.3.0/gems/activesupport-7.2.3.2/lib/active_support/callbacks.rb:669:in `block (2 levels) in default_terminator'\n/var/cache/hyc/ruby/3.3.0/gems/activesupport-7.2.3.2/lib/active_support/callbacks.rb:668:in `catch'\n/var/cache/hyc/ruby/3.3.0/gems/activesupport-7.2.3.2/lib/active_support/callbacks.rb:668:in `block in default_terminator'\n/var/cache/hyc/ruby/3.3.0/gems/activesupport-7.2.3.2/lib/active_support/callbacks.rb:180:in `call'\n/var/cache/hyc/ruby/3.3.0/gems/activesupport-7.2.3.2/lib/active_support/callbacks.rb:560:in `block in invoke_before'\n/var/cache/hyc/ruby/3.3.0/gems/activesupport-7.2.3.2/lib/active_support/callbacks.rb:560:in `each'\n/var/cache/hyc/ruby/3.3.0/gems/activesupport-7.2.3.2/lib/active_support/callbacks.rb:560:in `invoke_before'\n/var/cache/hyc/ruby/3.3.0/gems/activesupport-7.2.3.2/lib/active_support/callbacks.rb:109:in `run_callbacks'\n/var/cache/hyc/ruby/3.3.0/gems/activesupport-7.2.3.2/lib/active_support/reloader.rb:96:in `prepare!'\n/var/cache/hyc/ruby/3.3.0/gems/railties-7.2.3.2/lib/rails/application/finisher.rb:74:in `block in <module:Finisher>'\n/var/cache/hyc/ruby/3.3.0/gems/railties-7.2.3.2/lib/rails/initializable.rb:32:in `instance_exec'\n/var/cache/hyc/ruby/3.3.0/gems/railties-7.2.3.2/lib/rails/initializable.rb:32:in `run'\n/var/cache/hyc/ruby/3.3.0/gems/railties-7.2.3.2/lib/rails/initializable.rb:61:in `block in run_initializers'\n/var/cache/hyc/ruby/3.3.0/gems/tsort-0.2.0/lib/tsort.rb:231:in `block in tsort_each'\n/var/cache/hyc/ruby/3.3.0/gems/tsort-0.2.0/lib/tsort.rb:353:in `block (2 levels) in each_strongly_connected_component'\n/var/cache/hyc/ruby/3.3.0/gems/tsort-0.2.0/lib/tsort.rb:434:in `each_strongly_connected_component_from'\n/var/cache/hyc/ruby/3.3.0/gems/tsort-0.2.0/lib/tsort.rb:352:in `block in each_strongly_connected_component'\n/var/cache/hyc/ruby/3.3.0/gems/tsort-0.2.0/lib/tsort.rb:350:in `each'\n/var/cache/hyc/ruby/3.3.0/gems/tsort-0.2.0/lib/tsort.rb:350:in `call'\n/var/cache/hyc/ruby/3.3.0/gems/tsort-0.2.0/lib/tsort.rb:350:in `each_strongly_connected_component'\n/var/cache/hyc/ruby/3.3.0/gems/tsort-0.2.0/lib/tsort.rb:229:in `tsort_each'\n/var/cache/hyc/ruby/3.3.0/gems/tsort-0.2.0/lib/tsort.rb:208:in `tsort_each'\n/var/cache/hyc/ruby/3.3.0/gems/railties-7.2.3.2/lib/rails/initializable.rb:60:in `run_initializers'\n/var/cache/hyc/ruby/3.3.0/gems/railties-7.2.3.2/lib/rails/application.rb:435:in `initialize!'\n/opt/deploy/releases/20260814093448/config/environment.rb:6:in `<main>'\n/var/cache/hyc/ruby/3.3.0/gems/bootsnap-1.24.6/lib/bootsnap/load_path_cache/core_ext/kernel_require.rb:33:in `require'\n/var/cache/hyc/ruby/3.3.0/gems/zeitwerk-2.8.3/lib/zeitwerk/core_ext/kernel.rb:34:in `require'\n/var/cache/hyc/ruby/3.3.0/gems/railties-7.2.3.2/lib/rails/application.rb:411:in `require_environment!'\n/var/cache/hyc/ruby/3.3.0/gems/railties-7.2.3.2/lib/rails/application.rb:562:in `block in run_tasks_blocks'\n/var/cache/hyc/ruby/3.3.0/gems/rake-13.4.2/exe/rake:27:in `<top (required)>'\n/var/cache/hyc/ruby/3.3.0/gems/bundler-4.0.12/lib/bundler/cli/exec.rb:61:in `load'\n/var/cache/hyc/ruby/3.3.0/gems/bundler-4.0.12/lib/bundler/cli/exec.rb:61:in `kernel_load'\n/var/cache/hyc/ruby/3.3.0/gems/bundler-4.0.12/lib/bundler/cli/exec.rb:24:in `run'\n/var/cache/hyc/ruby/3.3.0/gems/bundler-4.0.12/lib/bundler/cli.rb:504:in `exec'\n/var/cache/hyc/ruby/3.3.0/gems/bundler-4.0.12/lib/bundler/vendor/thor/lib/thor/command.rb:28:in `run'\n/var/cache/hyc/ruby/3.3.0/gems/bundler-4.0.12/lib/bundler/vendor/thor/lib/thor/invocation.rb:127:in `invoke_command'\n/var/cache/hyc/ruby/3.3.0/gems/bundler-4.0.12/lib/bundler/vendor/thor/lib/thor.rb:538:in `dispatch'\n/var/cache/hyc/ruby/3.3.0/gems/bundler-4.0.12/lib/bundler/cli.rb:35:in `dispatch'\n/var/cache/hyc/ruby/3.3.0/gems/bundler-4.0.12/lib/bundler/vendor/thor/lib/thor/base.rb:584:in `start'\n/var/cache/hyc/ruby/3.3.0/gems/bundler-4.0.12/lib/bundler/cli.rb:29:in `start'\n/var/cache/hyc/ruby/3.3.0/gems/bundler-4.0.12/exe/bundle:28:in `block in <top (required)>'\n/var/cache/hyc/ruby/3.3.0/gems/bundler-4.0.12/lib/bundler/friendly_errors.rb:118:in `with_friendly_errors'\n/var/cache/hyc/ruby/3.3.0/gems/bundler-4.0.12/exe/bundle:20:in `<top (required)>'\n/bin/bundle:25:in `load'\n/bin/bundle:25:in `<main>'\nTasks: TOP => db:migrate => db:load_config => environment\n(See full trace by running task with --trace)", "stderr_lines": ["DEPRECATION WARNING: ActiveSupport::ProxyObject is deprecated and will be removed in Rails 8.0.", "Use Ruby's built-in BasicObject instead.", " (called from require at /usr/share/ruby/bundled_gems.rb:69)", "DEPRECATION WARNING: ActiveSupport::ProxyObject is deprecated and will be removed in Rails 8.0.", "Use Ruby's built-in BasicObject instead.", " (called from require at /usr/share/ruby/bundled_gems.rb:69)", "[DEPRECATION] PCDM is deprecating 'Valkyrie::Vocab::PCDMUse#PreservationMasterFile'. Use 'Valkyrie::Vocab::PCDMUse#PreservationFile' instead. This warning does *not* indicate that usage of the deprecated term has been detected.", "fatal: detected dubious ownership in repository at '/opt/deploy/releases/20260814093448'", "To add an exception for this directory, call:", "", "\tgit config --global --add safe.directory /opt/deploy/releases/20260814093448", "fatal: detected dubious ownership in repository at '/opt/deploy/releases/20260814093448'", "To add an exception for this directory, call:", "", "\tgit config --global --add safe.directory /opt/deploy/releases/20260814093448", "fatal: detected dubious ownership in repository at '/opt/deploy/releases/20260814093448'", "To add an exception for this directory, call:", "", "\tgit config --global --add safe.directory /opt/deploy/releases/20260814093448", "MiniMagick.shell_api is deprecated and will be removed in MiniMagick 5. The posix-spawn gem doesn't improve performance recent Ruby versions anymore, so support for it will be removed.", "rake aborted!", "LoadError: cannot load such file -- google/cloud/errors (LoadError)", "/var/cache/hyc/ruby/3.3.0/gems/bootsnap-1.24.6/lib/bootsnap/load_path_cache/core_ext/kernel_require.rb:30:in `require'", "/var/cache/hyc/ruby/3.3.0/gems/zeitwerk-2.8.3/lib/zeitwerk/core_ext/kernel.rb:34:in `require'", "/var/cache/hyc/ruby/3.3.0/gems/hyrax-5.3.0/app/controllers/concerns/hyrax/analytics_error_handling.rb:2:in `<main>'", "/var/cache/hyc/ruby/3.3.0/gems/bootsnap-1.24.6/lib/bootsnap/load_path_cache/core_ext/kernel_require.rb:33:in `require'", "/var/cache/hyc/ruby/3.3.0/gems/zeitwerk-2.8.3/lib/zeitwerk/core_ext/kernel.rb:26:in `require'", "/var/cache/hyc/ruby/3.3.0/gems/hyrax-5.3.0/app/controllers/hyrax/admin/analytics/work_reports_controller.rb:7:in `<class:WorkReportsController>'", "/var/cache/hyc/ruby/3.3.0/gems/hyrax-5.3.0/app/controllers/hyrax/admin/analytics/work_reports_controller.rb:5:in `<module:Analytics>'", "/var/cache/hyc/ruby/3.3.0/gems/hyrax-5.3.0/app/controllers/hyrax/admin/analytics/work_reports_controller.rb:4:in `<module:Admin>'", "/var/cache/hyc/ruby/3.3.0/gems/hyrax-5.3.0/app/controllers/hyrax/admin/analytics/work_reports_controller.rb:3:in `<module:Hyrax>'", "/var/cache/hyc/ruby/3.3.0/gems/hyrax-5.3.0/app/controllers/hyrax/admin/analytics/work_reports_controller.rb:2:in `<main>'", "/var/cache/hyc/ruby/3.3.0/gems/bootsnap-1.24.6/lib/bootsnap/load_path_cache/core_ext/kernel_require.rb:33:in `require'", "/var/cache/hyc/ruby/3.3.0/gems/zeitwerk-2.8.3/lib/zeitwerk/core_ext/kernel.rb:26:in `require'", "/opt/deploy/releases/20260814093448/app/overrides/controllers/hyrax/admin/analytics/work_reports_controller_override.rb:5:in `<main>'", "/opt/deploy/releases/20260814093448/config/application.rb:55:in `load'", "/opt/deploy/releases/20260814093448/config/application.rb:55:in `block (2 levels) in <class:Application>'", "/opt/deploy/releases/20260814093448/config/application.rb:55:in `each'", "/opt/deploy/releases/20260814093448/config/application.rb:55:in `block in <class:Application>'", "/var/cache/hyc/ruby/3.3.0/gems/activesupport-7.2.3.2/lib/active_support/callbacks.rb:407:in `instance_exec'", "/var/cache/hyc/ruby/3.3.0/gems/activesupport-7.2.3.2/lib/active_support/callbacks.rb:407:in `block in make_lambda'", "/var/cache/hyc/ruby/3.3.0/gems/activesupport-7.2.3.2/lib/active_support/callbacks.rb:179:in `block in call'", "/var/cache/hyc/ruby/3.3.0/gems/activesupport-7.2.3.2/lib/active_support/callbacks.rb:669:in `block (2 levels) in default_terminator'", "/var/cache/hyc/ruby/3.3.0/gems/activesupport-7.2.3.2/lib/active_support/callbacks.rb:668:in `catch'", "/var/cache/hyc/ruby/3.3.0/gems/activesupport-7.2.3.2/lib/active_support/callbacks.rb:668:in `block in default_terminator'", "/var/cache/hyc/ruby/3.3.0/gems/activesupport-7.2.3.2/lib/active_support/callbacks.rb:180:in `call'", "/var/cache/hyc/ruby/3.3.0/gems/activesupport-7.2.3.2/lib/active_support/callbacks.rb:560:in `block in invoke_before'", "/var/cache/hyc/ruby/3.3.0/gems/activesupport-7.2.3.2/lib/active_support/callbacks.rb:560:in `each'", "/var/cache/hyc/ruby/3.3.0/gems/activesupport-7.2.3.2/lib/active_support/callbacks.rb:560:in `invoke_before'", "/var/cache/hyc/ruby/3.3.0/gems/activesupport-7.2.3.2/lib/active_support/callbacks.rb:109:in `run_callbacks'", "/var/cache/hyc/ruby/3.3.0/gems/activesupport-7.2.3.2/lib/active_support/reloader.rb:96:in `prepare!'", "/var/cache/hyc/ruby/3.3.0/gems/railties-7.2.3.2/lib/rails/application/finisher.rb:74:in `block in <module:Finisher>'", "/var/cache/hyc/ruby/3.3.0/gems/railties-7.2.3.2/lib/rails/initializable.rb:32:in `instance_exec'", "/var/cache/hyc/ruby/3.3.0/gems/railties-7.2.3.2/lib/rails/initializable.rb:32:in `run'", "/var/cache/hyc/ruby/3.3.0/gems/railties-7.2.3.2/lib/rails/initializable.rb:61:in `block in run_initializers'", "/var/cache/hyc/ruby/3.3.0/gems/tsort-0.2.0/lib/tsort.rb:231:in `block in tsort_each'", "/var/cache/hyc/ruby/3.3.0/gems/tsort-0.2.0/lib/tsort.rb:353:in `block (2 levels) in each_strongly_connected_component'", "/var/cache/hyc/ruby/3.3.0/gems/tsort-0.2.0/lib/tsort.rb:434:in `each_strongly_connected_component_from'", "/var/cache/hyc/ruby/3.3.0/gems/tsort-0.2.0/lib/tsort.rb:352:in `block in each_strongly_connected_component'", "/var/cache/hyc/ruby/3.3.0/gems/tsort-0.2.0/lib/tsort.rb:350:in `each'", "/var/cache/hyc/ruby/3.3.0/gems/tsort-0.2.0/lib/tsort.rb:350:in `call'", "/var/cache/hyc/ruby/3.3.0/gems/tsort-0.2.0/lib/tsort.rb:350:in `each_strongly_connected_component'", "/var/cache/hyc/ruby/3.3.0/gems/tsort-0.2.0/lib/tsort.rb:229:in `tsort_each'", "/var/cache/hyc/ruby/3.3.0/gems/tsort-0.2.0/lib/tsort.rb:208:in `tsort_each'", "/var/cache/hyc/ruby/3.3.0/gems/railties-7.2.3.2/lib/rails/initializable.rb:60:in `run_initializers'", "/var/cache/hyc/ruby/3.3.0/gems/railties-7.2.3.2/lib/rails/application.rb:435:in `initialize!'", "/opt/deploy/releases/20260814093448/config/environment.rb:6:in `<main>'", "/var/cache/hyc/ruby/3.3.0/gems/bootsnap-1.24.6/lib/bootsnap/load_path_cache/core_ext/kernel_require.rb:33:in `require'", "/var/cache/hyc/ruby/3.3.0/gems/zeitwerk-2.8.3/lib/zeitwerk/core_ext/kernel.rb:34:in `require'", "/var/cache/hyc/ruby/3.3.0/gems/railties-7.2.3.2/lib/rails/application.rb:411:in `require_environment!'", "/var/cache/hyc/ruby/3.3.0/gems/railties-7.2.3.2/lib/rails/application.rb:562:in `block in run_tasks_blocks'", "/var/cache/hyc/ruby/3.3.0/gems/rake-13.4.2/exe/rake:27:in `<top (required)>'", "/var/cache/hyc/ruby/3.3.0/gems/bundler-4.0.12/lib/bundler/cli/exec.rb:61:in `load'", "/var/cache/hyc/ruby/3.3.0/gems/bundler-4.0.12/lib/bundler/cli/exec.rb:61:in `kernel_load'", "/var/cache/hyc/ruby/3.3.0/gems/bundler-4.0.12/lib/bundler/cli/exec.rb:24:in `run'", "/var/cache/hyc/ruby/3.3.0/gems/bundler-4.0.12/lib/bundler/cli.rb:504:in `exec'", "/var/cache/hyc/ruby/3.3.0/gems/bundler-4.0.12/lib/bundler/vendor/thor/lib/thor/command.rb:28:in `run'", "/var/cache/hyc/ruby/3.3.0/gems/bundler-4.0.12/lib/bundler/vendor/thor/lib/thor/invocation.rb:127:in `invoke_command'", "/var/cache/hyc/ruby/3.3.0/gems/bundler-4.0.12/lib/bundler/vendor/thor/lib/thor.rb:538:in `dispatch'", "/var/cache/hyc/ruby/3.3.0/gems/bundler-4.0.12/lib/bundler/cli.rb:35:in `dispatch'", "/var/cache/hyc/ruby/3.3.0/gems/bundler-4.0.12/lib/bundler/vendor/thor/lib/thor/base.rb:584:in `start'", "/var/cache/hyc/ruby/3.3.0/gems/bundler-4.0.12/lib/bundler/cli.rb:29:in `start'", "/var/cache/hyc/ruby/3.3.0/gems/bundler-4.0.12/exe/bundle:28:in `block in <top (required)>'", "/var/cache/hyc/ruby/3.3.0/gems/bundler-4.0.12/lib/bundler/friendly_errors.rb:118:in `with_friendly_errors'", "/var/cache/hyc/ruby/3.3.0/gems/bundler-4.0.12/exe/bundle:20:in `<top (required)>'", "/bin/bundle:25:in `load'", "/bin/bundle:25:in `<main>'", "Tasks: TOP => db:migrate => db:load_config => environment", "(See full trace by running task with --trace)"], "stdout": "", "stdout_lines": []}

